// Jest Snapshot v1, https://goo.gl/fbAQLP

exports[`AggregateRelationsResolver - 2 aggregate should use the dtoName if provided 1`] = `
"type TestResolverDTO {
  id: ID!
  stringField: String!
  testsAggregate(
    """Filter to find records to aggregate on"""
    filter: TestRelationDTOAggregateFilter
  ): [TestResolverDTOTestsAggregateResponse!]!
}

input TestRelationDTOAggregateFilter {
  and: [TestRelationDTOAggregateFilter!]
  or: [TestRelationDTOAggregateFilter!]
  id: IDFilterComparison
  testResolverId: StringFieldComparison
}

input IDFilterComparison {
  is: Boolean
  isNot: Boolean
  eq: ID
  neq: ID
  gt: ID
  gte: ID
  lt: ID
  lte: ID
  like: ID
  notLike: ID
  iLike: ID
  notILike: ID
  in: [ID!]
  notIn: [ID!]
}

input StringFieldComparison {
  is: Boolean
  isNot: Boolean
  eq: String
  neq: String
  gt: String
  gte: String
  lt: String
  lte: String
  like: String
  notLike: String
  iLike: String
  notILike: String
  in: [String!]
  notIn: [String!]
}

type TestResolverDTOTestsAggregateGroupBy {
  id: ID
  testResolverId: String
}

type TestResolverDTOTestsCountAggregate {
  id: Int
  testResolverId: Int
}

type TestResolverDTOTestsMinAggregate {
  id: ID
  testResolverId: String
}

type TestResolverDTOTestsMaxAggregate {
  id: ID
  testResolverId: String
}

type TestResolverDTOTestsAggregateResponse {
  groupBy: TestResolverDTOTestsAggregateGroupBy
  count: TestResolverDTOTestsCountAggregate
  min: TestResolverDTOTestsMinAggregate
  max: TestResolverDTOTestsMaxAggregate
}

type Query {
  test: TestResolverDTO!
}"
`;
