// Jest Snapshot v1, https://goo.gl/fbAQLP

exports[`ReadRelationsResolver - many - 2 should not add sorting argument if disableSorting is true 1`] = `
"type TestResolverDTO {
  id: ID!
  stringField: String!
  relations(
    """Limit or page results."""
    paging: CursorPaging! = {first: 10}

    """Specify to filter the records returned."""
    filter: TestRelationDTOFilter! = {}
  ): TestResolverDTORelationsConnection!
}

input CursorPaging {
  """Paginate before opaque cursor"""
  before: ConnectionCursor

  """Paginate after opaque cursor"""
  after: ConnectionCursor

  """Paginate first"""
  first: Int

  """Paginate last"""
  last: Int
}

"""Cursor for paging through collections"""
scalar ConnectionCursor

input TestRelationDTOFilter {
  and: [TestRelationDTOFilter!]
  or: [TestRelationDTOFilter!]
  id: IDFilterComparison
  testResolverId: StringFieldComparison
}

input IDFilterComparison {
  is: Boolean
  isNot: Boolean
  eq: ID
  neq: ID
  gt: ID
  gte: ID
  lt: ID
  lte: ID
  like: ID
  notLike: ID
  iLike: ID
  notILike: ID
  in: [ID!]
  notIn: [ID!]
}

input StringFieldComparison {
  is: Boolean
  isNot: Boolean
  eq: String
  neq: String
  gt: String
  gte: String
  lt: String
  lte: String
  like: String
  notLike: String
  iLike: String
  notILike: String
  in: [String!]
  notIn: [String!]
}

type TestRelationDTO {
  id: ID!
  testResolverId: String!
}

type TestRelationDTOEdge {
  """The node containing the TestRelationDTO"""
  node: TestRelationDTO!

  """Cursor for this node."""
  cursor: ConnectionCursor!
}

type PageInfo {
  """true if paging forward and there are more records."""
  hasNextPage: Boolean

  """true if paging backwards and there are more records."""
  hasPreviousPage: Boolean

  """The cursor of the first returned record."""
  startCursor: ConnectionCursor

  """The cursor of the last returned record."""
  endCursor: ConnectionCursor
}

type TestResolverDTORelationsConnection {
  """Paging information"""
  pageInfo: PageInfo!

  """Array of edges."""
  edges: [TestRelationDTOEdge!]!
}

type Query {
  test: TestResolverDTO!
}"
`;
